<?xml version="1.0" encoding="UTF-8"?>
<testsuites name="jest tests" tests="10" failures="0" time="10.588">
  <testsuite name="button" errors="0" failures="0" skipped="0" timestamp="2019-05-22T14:16:02" time="7.054" tests="1">
    <testcase classname="button is a react component" name="button is a react component" time="0.02">
    </testcase>
  </testsuite>
  <testsuite name="Icon" errors="0" failures="0" skipped="0" timestamp="2019-05-22T14:16:09" time="0.996" tests="2">
    <testcase classname="Icon render success" name="Icon render success" time="0.004">
    </testcase>
    <testcase classname="Icon onClick" name="Icon onClick" time="0.052">
    </testcase>
  </testsuite>
  <testsuite name="classes" errors="0" failures="0" skipped="0" timestamp="2019-05-22T14:16:10" time="0.339" tests="6">
    <testcase classname="classes test receive 0 className" name="classes test receive 0 className" time="0.002">
    </testcase>
    <testcase classname="classes test receive 1 className" name="classes test receive 1 className" time="0">
    </testcase>
    <testcase classname="classes test receive 2 className" name="classes test receive 2 className" time="0.001">
    </testcase>
    <testcase classname="classes test receive undefined" name="classes test receive undefined" time="0">
    </testcase>
    <testcase classname="classes test receive 1 className and undefined" name="classes test receive 1 className and undefined" time="0">
    </testcase>
    <testcase classname="classes test receive other character" name="classes test receive other character" time="0.001">
    </testcase>
  </testsuite>
  <testsuite name="我的第一个测试用例" errors="0" failures="0" skipped="0" timestamp="2019-05-22T14:16:10" time="0.321" tests="1">
    <testcase classname="我的第一个测试用例 1 等于 2" name="我的第一个测试用例 1 等于 2" time="0.001">
    </testcase>
  </testsuite>
</testsuites>